
############################################################
  NeuroLearnAI -- Backend Test Suite
############################################################

============================================================
  TEST: High Performer ΓÇö College Level
============================================================

============================================================
≡ƒôé  DATABASE  |  Saving Student Record
============================================================
  Student Name  : Anika Patel
  Concept Score : 85.0%
  Feedback      : Hello Anika Patel! Here is your personalized learning report. | ≡ƒîƒ Excellent work! Your concept mastery score is 85.0%. Y...
============================================================
Γ£à  Record saved successfully (simulated).

  Student Name   : Anika Patel
  Student Level  : College
  Concept Score  : 85.0%
  Proficiency    : Advanced
  Retention      : Medium
  Speed          : Average
  Weak Concepts  : []

  ≡ƒôÿ Resources:
     ΓÇó Arrays: Practice Arrays on LeetCode: https://leetcode.com/tag/array/
     ΓÇó Loops: Watch YouTube Loops tutorial: https://www.youtube.com/results?search_query=loops+programming+tutorial
     ΓÇó Pointers: Read GeeksforGeeks Pointers: https://www.geeksforgeeks.org/pointers-in-c-and-c-set-1-introduction-arithmetic-and-array/
     ΓÇó Functions: Revise Functions notes and practice on HackerRank
     ΓÇó Data Structures: Study on GeeksforGeeks: https://www.geeksforgeeks.org/data-structures/

  ≡ƒùô∩╕Å  Study Plan:
     ≡ƒÅå Day 1ΓÇô2: Practice advanced / hard-level problems to push your limits.
     ≡ƒº⌐ Day 3: Work on mixed-topic problems to build cross-concept fluency.
     ≡ƒôè Day 4: Attempt a full-length timed assessment under exam conditions.
     ≡ƒîÉ Day 5ΓÇô7: Explore real-world projects or competitions (Kaggle, HackerRank) applying your skills.
     ≡ƒôê Current Level: Advanced ΓÇö set a goal to reach the next level within 2 weeks.

  ≡ƒöä Difficulty Flow  : ['increase level', 'increase level', 'increase level', 'increase level', 'increase level', 'increase level', 'increase level', 'increase level', 'increase level', 'increase level', 'increase level', 'increase level', 'increase level', 'increase level', 'increase level', 'increase level', 'increase level', 'increase level', 'increase level', 'increase level']
  ≡ƒôè Difficulty Trend : Upward ≡ƒôê
  Γåæ Increase count    : 20
  Γåô Decrease count    : 0

  ≡ƒñû AI Feedback:
     ΓåÆ Hello Anika Patel! Here is your personalized learning report.
     ΓåÆ ≡ƒîƒ Excellent work! Your concept mastery score is 85.0%. You have a strong command over the material.
     ΓåÆ ΓÅ▒∩╕Å Your response speed is Average. A balanced pace is healthy. Try timed drills to gradually improve your speed without losing precision.
     ΓåÆ ≡ƒô¥ Your retention is Moderate. Try active recall methods ΓÇö close the book and try to write down what you remember before checking.
     ΓåÆ Γ£à No critical weak spots detected! Keep reinforcing all topics through varied practice.
     ΓåÆ ≡ƒÅå You're doing fantastic! Challenge yourself with advanced problems to stay sharp.

  Γ£à PASSED: High Performer ΓÇö College Level

============================================================
  TEST: Struggling Student ΓÇö School Level
============================================================

============================================================
≡ƒôé  DATABASE  |  Saving Student Record
============================================================
  Student Name  : Rohan Mehta
  Concept Score : 18.75%
  Feedback      : Hello Rohan Mehta! Here is your personalized learning report. | ≡ƒö┤ Your concept mastery score is 18.8%. It looks like you...
============================================================
Γ£à  Record saved successfully (simulated).

  Student Name   : Rohan Mehta
  Student Level  : School
  Concept Score  : 18.75%
  Proficiency    : Beginner
  Retention      : Low
  Speed          : Average
  Weak Concepts  : ['Math', 'Physics', 'History', 'Biology']

  ≡ƒôÿ Resources:
     ΓÇó Math: Practice problems on Khan Academy: https://www.khanacademy.org/math
     ΓÇó Physics: Watch Physics lectures on YouTube: https://www.youtube.com/results?search_query=physics+lectures
     ΓÇó History: Read chapters in textbook and make timelines for major events
     ΓÇó Biology: Watch Biology animations on YouTube and revise diagrams

  ≡ƒùô∩╕Å  Study Plan:
     ≡ƒôÜ Day 1ΓÇô2: Revisit core fundamentals and lecture notes for all weak topics.
     Γ£Å∩╕Å  Day 3ΓÇô4: Attempt easy-level practice problems (e.g., LeetCode Easy / Khan Academy).
     ≡ƒöü Day 5: Take a mini-quiz on the revised topics and note any remaining gaps.
     ≡ƒùô∩╕Å  Day 6ΓÇô7: Repeat one weak concept in depth, use flashcards for retention.
     ≡ƒÄ» Priority Focus: Math, Physics, History, Biology ΓÇö allocate at least 20 min/day to these.
     ≡ƒôê Current Level: Beginner ΓÇö set a goal to reach the next level within 2 weeks.

  ≡ƒöä Difficulty Flow  : ['decrease level', 'decrease level', 'decrease level', 'decrease level', 'decrease level', 'decrease level', 'decrease level', 'decrease level', 'increase level', 'increase level', 'decrease level', 'decrease level', 'decrease level', 'decrease level', 'decrease level', 'decrease level']
  ≡ƒôè Difficulty Trend : Downward ≡ƒôë
  Γåæ Increase count    : 2
  Γåô Decrease count    : 14

  ≡ƒñû AI Feedback:
     ΓåÆ Hello Rohan Mehta! Here is your personalized learning report.
     ΓåÆ ≡ƒö┤ Your concept mastery score is 18.8%. It looks like you're struggling with the fundamentals. Let's break the content into smaller chunks and tackle them one at a time.
     ΓåÆ ΓÅ▒∩╕Å Your response speed is Average. A balanced pace is healthy. Try timed drills to gradually improve your speed without losing precision.
     ΓåÆ ≡ƒôë Your retention appears Low based on your recent performance. Consider using flashcards (Anki), mind maps, and teaching the concept to someone else to reinforce memory.
     ΓåÆ ≡ƒôî Focus Areas: You need extra attention on ΓåÆ Math, Physics, History, Biology. We have curated specific resources for these topics in your study plan.
     ΓåÆ ≡ƒî▒ Every expert was once a beginner. Stay consistent, use the recommended resources, and you WILL improve. Believe in the process!

  Γ£à PASSED: Struggling Student ΓÇö School Level

============================================================
  TEST: Intermediate Mixed ΓÇö College Level
============================================================

============================================================
≡ƒôé  DATABASE  |  Saving Student Record
============================================================
  Student Name  : Deepa Rao
  Concept Score : 60.0%
  Feedback      : Hello Deepa Rao! Here is your personalized learning report. | ≡ƒôÿ Good effort! Your concept mastery score is 60.0%. You're...
============================================================
Γ£à  Record saved successfully (simulated).

  Student Name   : Deepa Rao
  Student Level  : College
  Concept Score  : 60.0%
  Proficiency    : Intermediate
  Retention      : Medium
  Speed          : Average
  Weak Concepts  : []

  ≡ƒôÿ Resources:
     ΓÇó Algorithms: Practice on LeetCode and read CLRS book chapters
     ΓÇó Database Management: Practice SQL on SQLZoo: https://sqlzoo.net/ and read Ramakrishnan's textbook
     ΓÇó Operating Systems: Read Silberschatz OS textbook and watch GATE lectures

  ≡ƒùô∩╕Å  Study Plan:
     ≡ƒô¥ Day 1: Review notes and highlight gaps in understanding per weak concept.
     ≡ƒÆí Day 2ΓÇô3: Solve medium-difficulty problems for each weak concept.
     ≡ƒÜÇ Day 4: Attempt one timed mock quiz across all concepts.
     ≡ƒöä Day 5ΓÇô7: Spaced repetition ΓÇö revisit one weak concept per day.
     ≡ƒôê Current Level: Intermediate ΓÇö set a goal to reach the next level within 2 weeks.

  ≡ƒöä Difficulty Flow  : ['increase level', 'decrease level', 'increase level', 'decrease level', 'increase level', 'increase level', 'increase level', 'increase level', 'increase level', 'decrease level', 'decrease level', 'decrease level', 'increase level', 'increase level', 'increase level']
  ≡ƒôè Difficulty Trend : Upward ≡ƒôê
  Γåæ Increase count    : 10
  Γåô Decrease count    : 5

  ≡ƒñû AI Feedback:
     ΓåÆ Hello Deepa Rao! Here is your personalized learning report.
     ΓåÆ ≡ƒôÿ Good effort! Your concept mastery score is 60.0%. You're on the right track ΓÇö a bit more focused practice will get you to excellence.
     ΓåÆ ΓÅ▒∩╕Å Your response speed is Average. A balanced pace is healthy. Try timed drills to gradually improve your speed without losing precision.
     ΓåÆ ≡ƒô¥ Your retention is Moderate. Try active recall methods ΓÇö close the book and try to write down what you remember before checking.
     ΓåÆ Γ£à No critical weak spots detected! Keep reinforcing all topics through varied practice.
     ΓåÆ ≡ƒÆ¬ Keep up the momentum! Small, consistent daily efforts lead to big breakthroughs.

  Γ£à PASSED: Intermediate Mixed ΓÇö College Level

============================================================
  TEST: Single Concept ΓÇö School Level
============================================================

============================================================
≡ƒôé  DATABASE  |  Saving Student Record
============================================================
  Student Name  : Aryan Singh
  Concept Score : 66.67%
  Feedback      : Hello Aryan Singh! Here is your personalized learning report. | ≡ƒôÿ Good effort! Your concept mastery score is 66.7%. You'...
============================================================
Γ£à  Record saved successfully (simulated).

  Student Name   : Aryan Singh
  Student Level  : School
  Concept Score  : 66.67%
  Proficiency    : Intermediate
  Retention      : Medium
  Speed          : Average
  Weak Concepts  : []

  ≡ƒôÿ Resources:
     ΓÇó Math: Practice problems on Khan Academy: https://www.khanacademy.org/math

  ≡ƒùô∩╕Å  Study Plan:
     ≡ƒô¥ Day 1: Review notes and highlight gaps in understanding per weak concept.
     ≡ƒÆí Day 2ΓÇô3: Solve medium-difficulty problems for each weak concept.
     ≡ƒÜÇ Day 4: Attempt one timed mock quiz across all concepts.
     ≡ƒöä Day 5ΓÇô7: Spaced repetition ΓÇö revisit one weak concept per day.
     ≡ƒôê Current Level: Intermediate ΓÇö set a goal to reach the next level within 2 weeks.

  ≡ƒöä Difficulty Flow  : ['increase level', 'increase level', 'increase level']
  ≡ƒôè Difficulty Trend : Upward ≡ƒôê
  Γåæ Increase count    : 3
  Γåô Decrease count    : 0

  ≡ƒñû AI Feedback:
     ΓåÆ Hello Aryan Singh! Here is your personalized learning report.
     ΓåÆ ≡ƒôÿ Good effort! Your concept mastery score is 66.7%. You're on the right track ΓÇö a bit more focused practice will get you to excellence.
     ΓåÆ ΓÅ▒∩╕Å Your response speed is Average. A balanced pace is healthy. Try timed drills to gradually improve your speed without losing precision.
     ΓåÆ ≡ƒô¥ Your retention is Moderate. Try active recall methods ΓÇö close the book and try to write down what you remember before checking.
     ΓåÆ Γ£à No critical weak spots detected! Keep reinforcing all topics through varied practice.
     ΓåÆ ≡ƒÆ¬ Keep up the momentum! Small, consistent daily efforts lead to big breakthroughs.

  Γ£à PASSED: Single Concept ΓÇö School Level

============================================================
  TEST: Unknown Concept (No Matching Resource)
============================================================

============================================================
≡ƒôé  DATABASE  |  Saving Student Record
============================================================
  Student Name  : Meera Krishnan
  Concept Score : 50.0%
  Feedback      : Hello Meera Krishnan! Here is your personalized learning report. | ΓÜá∩╕Å Your concept mastery score is 50.0%. You need to r...
============================================================
Γ£à  Record saved successfully (simulated).

  Student Name   : Meera Krishnan
  Student Level  : College
  Concept Score  : 50.0%
  Proficiency    : Intermediate
  Retention      : Low
  Speed          : Average
  Weak Concepts  : ['Thermodynamics']

  ≡ƒôÿ Resources:
     ΓÇó Quantum Mechanics: No specific resource found for 'Quantum Mechanics'. Try searching on Khan Academy, YouTube, or GeeksforGeeks.
     ΓÇó Thermodynamics: No specific resource found for 'Thermodynamics'. Try searching on Khan Academy, YouTube, or GeeksforGeeks.

  ≡ƒùô∩╕Å  Study Plan:
     ≡ƒô¥ Day 1: Review notes and highlight gaps in understanding per weak concept.
     ≡ƒÆí Day 2ΓÇô3: Solve medium-difficulty problems for each weak concept.
     ≡ƒÜÇ Day 4: Attempt one timed mock quiz across all concepts.
     ≡ƒöä Day 5ΓÇô7: Spaced repetition ΓÇö revisit one weak concept per day.
     ≡ƒÄ» Priority Focus: Thermodynamics ΓÇö allocate at least 20 min/day to these.
     ≡ƒôê Current Level: Intermediate ΓÇö set a goal to reach the next level within 2 weeks.

  ≡ƒöä Difficulty Flow  : ['increase level', 'decrease level', 'increase level', 'decrease level', 'decrease level', 'decrease level']
  ≡ƒôè Difficulty Trend : Downward ≡ƒôë
  Γåæ Increase count    : 2
  Γåô Decrease count    : 4

  ≡ƒñû AI Feedback:
     ΓåÆ Hello Meera Krishnan! Here is your personalized learning report.
     ΓåÆ ΓÜá∩╕Å Your concept mastery score is 50.0%. You need to revisit the core material. Don't worry ΓÇö consistent effort makes a big difference.
     ΓåÆ ΓÅ▒∩╕Å Your response speed is Average. A balanced pace is healthy. Try timed drills to gradually improve your speed without losing precision.
     ΓåÆ ≡ƒôë Your retention appears Low based on your recent performance. Consider using flashcards (Anki), mind maps, and teaching the concept to someone else to reinforce memory.
     ΓåÆ ≡ƒôî Focus Areas: You need extra attention on ΓåÆ Thermodynamics. We have curated specific resources for these topics in your study plan.
     ΓåÆ ≡ƒî▒ Every expert was once a beginner. Stay consistent, use the recommended resources, and you WILL improve. Believe in the process!

  Γ£à PASSED: Unknown Concept (No Matching Resource)

============================================================
  TEST: Default Student Name (Unknown)
============================================================

============================================================
≡ƒôé  DATABASE  |  Saving Student Record
============================================================
  Student Name  : Unknown
  Concept Score : 50.0%
  Feedback      : Hello Unknown! Here is your personalized learning report. | ΓÜá∩╕Å Your concept mastery score is 50.0%. You need to revisit ...
============================================================
Γ£à  Record saved successfully (simulated).

  Student Name   : Unknown
  Student Level  : College
  Concept Score  : 50.0%
  Proficiency    : Intermediate
  Retention      : Low
  Speed          : Average
  Weak Concepts  : ['Pointers']

  ≡ƒôÿ Resources:
     ΓÇó Loops: Watch YouTube Loops tutorial: https://www.youtube.com/results?search_query=loops+programming+tutorial
     ΓÇó Pointers: Read GeeksforGeeks Pointers: https://www.geeksforgeeks.org/pointers-in-c-and-c-set-1-introduction-arithmetic-and-array/

  ≡ƒùô∩╕Å  Study Plan:
     ≡ƒô¥ Day 1: Review notes and highlight gaps in understanding per weak concept.
     ≡ƒÆí Day 2ΓÇô3: Solve medium-difficulty problems for each weak concept.
     ≡ƒÜÇ Day 4: Attempt one timed mock quiz across all concepts.
     ≡ƒöä Day 5ΓÇô7: Spaced repetition ΓÇö revisit one weak concept per day.
     ≡ƒÄ» Priority Focus: Pointers ΓÇö allocate at least 20 min/day to these.
     ≡ƒôê Current Level: Intermediate ΓÇö set a goal to reach the next level within 2 weeks.

  ≡ƒöä Difficulty Flow  : ['increase level', 'decrease level', 'increase level', 'decrease level', 'increase level', 'decrease level']
  ≡ƒôè Difficulty Trend : Mixed Γåö∩╕Å
  Γåæ Increase count    : 3
  Γåô Decrease count    : 3

  ≡ƒñû AI Feedback:
     ΓåÆ Hello Unknown! Here is your personalized learning report.
     ΓåÆ ΓÜá∩╕Å Your concept mastery score is 50.0%. You need to revisit the core material. Don't worry ΓÇö consistent effort makes a big difference.
     ΓåÆ ΓÅ▒∩╕Å Your response speed is Average. A balanced pace is healthy. Try timed drills to gradually improve your speed without losing precision.
     ΓåÆ ≡ƒôë Your retention appears Low based on your recent performance. Consider using flashcards (Anki), mind maps, and teaching the concept to someone else to reinforce memory.
     ΓåÆ ≡ƒôî Focus Areas: You need extra attention on ΓåÆ Pointers. We have curated specific resources for these topics in your study plan.
     ΓåÆ ≡ƒî▒ Every expert was once a beginner. Stay consistent, use the recommended resources, and you WILL improve. Believe in the process!

  Γ£à PASSED: Default Student Name (Unknown)

============================================================
  TEST: All Answers Wrong ΓÇö Maximum Challenge
============================================================

============================================================
≡ƒôé  DATABASE  |  Saving Student Record
============================================================
  Student Name  : Test Student
  Concept Score : 0.0%
  Feedback      : Hello Test Student! Here is your personalized learning report. | ≡ƒö┤ Your concept mastery score is 0.0%. It looks like you...
============================================================
Γ£à  Record saved successfully (simulated).

  Student Name   : Test Student
  Student Level  : College
  Concept Score  : 0.0%
  Proficiency    : Beginner
  Retention      : Low
  Speed          : Average
  Weak Concepts  : ['Calculus', 'Statistics']

  ≡ƒôÿ Resources:
     ΓÇó Calculus: Practice on Khan Academy Calculus: https://www.khanacademy.org/math/calculus-1
     ΓÇó Statistics: Use StatQuest YouTube channel and solve problems on Brilliant.org

  ≡ƒùô∩╕Å  Study Plan:
     ≡ƒôÜ Day 1ΓÇô2: Revisit core fundamentals and lecture notes for all weak topics.
     Γ£Å∩╕Å  Day 3ΓÇô4: Attempt easy-level practice problems (e.g., LeetCode Easy / Khan Academy).
     ≡ƒöü Day 5: Take a mini-quiz on the revised topics and note any remaining gaps.
     ≡ƒùô∩╕Å  Day 6ΓÇô7: Repeat one weak concept in depth, use flashcards for retention.
     ≡ƒÄ» Priority Focus: Calculus, Statistics ΓÇö allocate at least 20 min/day to these.
     ≡ƒôê Current Level: Beginner ΓÇö set a goal to reach the next level within 2 weeks.

  ≡ƒöä Difficulty Flow  : ['decrease level', 'decrease level', 'decrease level', 'decrease level', 'decrease level', 'decrease level']
  ≡ƒôè Difficulty Trend : Downward ≡ƒôë
  Γåæ Increase count    : 0
  Γåô Decrease count    : 6

  ≡ƒñû AI Feedback:
     ΓåÆ Hello Test Student! Here is your personalized learning report.
     ΓåÆ ≡ƒö┤ Your concept mastery score is 0.0%. It looks like you're struggling with the fundamentals. Let's break the content into smaller chunks and tackle them one at a time.
     ΓåÆ ΓÅ▒∩╕Å Your response speed is Average. A balanced pace is healthy. Try timed drills to gradually improve your speed without losing precision.
     ΓåÆ ≡ƒôë Your retention appears Low based on your recent performance. Consider using flashcards (Anki), mind maps, and teaching the concept to someone else to reinforce memory.
     ΓåÆ ≡ƒôî Focus Areas: You need extra attention on ΓåÆ Calculus, Statistics. We have curated specific resources for these topics in your study plan.
     ΓåÆ ≡ƒî▒ Every expert was once a beginner. Stay consistent, use the recommended resources, and you WILL improve. Believe in the process!

  Γ£à PASSED: All Answers Wrong ΓÇö Maximum Challenge

============================================================
  TEST: All Answers Correct ΓÇö Perfect Score
============================================================

============================================================
≡ƒôé  DATABASE  |  Saving Student Record
============================================================
  Student Name  : Pooja Verma
  Concept Score : 100.0%
  Feedback      : Hello Pooja Verma! Here is your personalized learning report. | ≡ƒîƒ Excellent work! Your concept mastery score is 100.0%. ...
============================================================
Γ£à  Record saved successfully (simulated).

  Student Name   : Pooja Verma
  Student Level  : College
  Concept Score  : 100.0%
  Proficiency    : Advanced
  Retention      : High
  Speed          : Average
  Weak Concepts  : []

  ≡ƒôÿ Resources:
     ΓÇó Machine Learning: Follow Andrew Ng's Coursera ML course and practice on Kaggle

  ≡ƒùô∩╕Å  Study Plan:
     ≡ƒÅå Day 1ΓÇô2: Practice advanced / hard-level problems to push your limits.
     ≡ƒº⌐ Day 3: Work on mixed-topic problems to build cross-concept fluency.
     ≡ƒôè Day 4: Attempt a full-length timed assessment under exam conditions.
     ≡ƒîÉ Day 5ΓÇô7: Explore real-world projects or competitions (Kaggle, HackerRank) applying your skills.
     ≡ƒôê Current Level: Advanced ΓÇö set a goal to reach the next level within 2 weeks.

  ≡ƒöä Difficulty Flow  : ['increase level', 'increase level', 'increase level', 'increase level', 'increase level']
  ≡ƒôè Difficulty Trend : Upward ≡ƒôê
  Γåæ Increase count    : 5
  Γåô Decrease count    : 0

  ≡ƒñû AI Feedback:
     ΓåÆ Hello Pooja Verma! Here is your personalized learning report.
     ΓåÆ ≡ƒîƒ Excellent work! Your concept mastery score is 100.0%. You have a strong command over the material.
     ΓåÆ ΓÅ▒∩╕Å Your response speed is Average. A balanced pace is healthy. Try timed drills to gradually improve your speed without losing precision.
     ΓåÆ ≡ƒºá Excellent retention! Your recent answers suggest strong memory consolidation. Keep spacing out your revisions using the Spaced Repetition technique.
     ΓåÆ Γ£à No critical weak spots detected! Keep reinforcing all topics through varied practice.
     ΓåÆ ≡ƒÅå You're doing fantastic! Challenge yourself with advanced problems to stay sharp.

  Γ£à PASSED: All Answers Correct ΓÇö Perfect Score

============================================================
  TEST: Invalid Level Fallback
============================================================
[BACKEND WARNING] Unknown student_level 'University'. Defaulting to 'School'. Valid options: ('School', 'College')

============================================================
≡ƒôé  DATABASE  |  Saving Student Record
============================================================
  Student Name  : Edge Case Student
  Concept Score : 66.67%
  Feedback      : Hello Edge Case Student! Here is your personalized learning report. | ≡ƒôÿ Good effort! Your concept mastery score is 66.7%...
============================================================
Γ£à  Record saved successfully (simulated).

  Γ£à PASSED: Invalid Level Fallback (resolved to 'School')

============================================================
  TEST: Error Handling ΓÇö Empty Data
============================================================
  Γ£à PASSED: Correctly raised ValueError ΓåÆ evaluate_performance() received an empty data dictionary.

============================================================
  TEST: Error Handling ΓÇö Wrong Data Type
============================================================
  Γ£à PASSED: Correctly raised TypeError ΓåÆ evaluate_performance() expects a dict, got list.

============================================================
  TEST SUMMARY
============================================================
  Total  : 11
  Passed : 11 [OK]
  Failed : 0 [FAIL]

  [PASS] All tests passed! NeuroLearnAI backend is healthy.
